AR ball behavioral /home/student1/mjliu/coe758/coe758_pong/ball.vhd sub00/vhpl13 1574802278
AR clock_divider_2 behavioral /home/student1/mjliu/coe758/coe758_pong/clock_divider_2.vhd sub00/vhpl03 1574802270
PB constants constants /home/student1/mjliu/coe758/coe758_pong/constants.vhd sub00/vhpl01 1574802268
EN background NULL /home/student1/mjliu/coe758/coe758_pong/background.vhd sub00/vhpl08 1574793907
EN clock_divider_2 NULL /home/student1/mjliu/coe758/coe758_pong/clock_divider_2.vhd sub00/vhpl02 1574802269
AR ila ila_a /home/student1/mjliu/coe758/coe758_pong/ipcore_dir/ila.vhd sub00/vhpl21 1574802284
AR icon icon_a /home/student1/mjliu/coe758/coe758_pong/ipcore_dir/icon.vhd sub00/vhpl19 1574802282
PH constants NULL /home/student1/mjliu/coe758/coe758_pong/constants.vhd sub00/vhpl00 1574802267
AR top_level behavioral /home/student1/mjliu/coe758/coe758_pong/top_level.vhd sub00/vhpl17 1574802286
EN icon NULL /home/student1/mjliu/coe758/coe758_pong/ipcore_dir/icon.vhd sub00/vhpl18 1574802281
EN count_gen NULL /home/student1/mjliu/coe758/coe758_pong/count_gen.vhd sub00/vhpl04 1574802271
EN ball NULL /home/student1/mjliu/coe758/coe758_pong/ball.vhd sub00/vhpl12 1574802277
EN vga NULL /home/student1/mjliu/coe758/coe758_pong/VGA.vhd sub00/vhpl14 1574802279
AR paddle behavioral /home/student1/mjliu/coe758/coe758_pong/paddle.vhd sub00/vhpl11 1574802276
AR background behavioral /home/student1/mjliu/coe758/coe758_pong/background.vhd sub00/vhpl09 1574793908
AR vga behavioral /home/student1/mjliu/coe758/coe758_pong/VGA.vhd sub00/vhpl15 1574802280
EN paddle NULL /home/student1/mjliu/coe758/coe758_pong/paddle.vhd sub00/vhpl10 1574802275
AR sync_gen behavioral /home/student1/mjliu/coe758/coe758_pong/sync_gen.vhd sub00/vhpl07 1574802274
AR count_gen behavioral /home/student1/mjliu/coe758/coe758_pong/count_gen.vhd sub00/vhpl05 1574802272
EN sync_gen NULL /home/student1/mjliu/coe758/coe758_pong/sync_gen.vhd sub00/vhpl06 1574802273
EN ila NULL /home/student1/mjliu/coe758/coe758_pong/ipcore_dir/ila.vhd sub00/vhpl20 1574802283
EN top_level NULL /home/student1/mjliu/coe758/coe758_pong/top_level.vhd sub00/vhpl16 1574802285
