V3 3
FL /home/student1/a595khan/Documents/coe758/pong/pong.vhd 2024/11/20.19:36:23 O.87xd
EN work/pong 1732195642 FL /home/student1/a595khan/Documents/coe758/pong/pong.vhd \
      PB ieee/std_logic_1164 1325952872
AR work/pong/Behavioral 1732195643 \
      FL /home/student1/a595khan/Documents/coe758/pong/pong.vhd EN work/pong 1732195642
